<html>
<body>
<pre>
<h1>µVision Build Log</h1>
<h2>Tool Versions:</h2>
IDE-Version: ¦ÌVision V5.22.0.0
Copyright (C) 2016 ARM Ltd and ARM Germany GmbH. All rights reserved.
License Information: Yan wesson, b, LIC=4ZLLQ-NIC8U-77BRP-M8EQB-2XWRC-IAUJQ
 
Tool Versions:
Toolchain:       MDK-ARM Professional  Version: 5.22
Toolchain Path:  E:\software\keil_v5\ARM\ARMCC\Bin
C Compiler:      Armcc.exe V5.06 update 4 (build 422)
Assembler:       Armasm.exe V5.06 update 4 (build 422)
Linker/Locator:  ArmLink.exe V5.06 update 4 (build 422)
Library Manager: ArmAr.exe V5.06 update 4 (build 422)
Hex Converter:   FromElf.exe V5.06 update 4 (build 422)
CPU DLL:         SARMCM3.DLL V5.22
Dialog DLL:      DCM.DLL V1.13.9.0
Target DLL:      Segger\JL2CM3.dll V2.99.23.0
Dialog DLL:      TCM.DLL V1.21.0.0
 
<h2>Project:</h2>
F:\HDSC\hc32f460-master\hc32f460-master\hc32f460_sdk\demo\hc32f46x_ddl\example\gpio\gpio_output\MDK\gpio_output.uvprojx
Project File Date:  06/28/2019

<h2>Output:</h2>
*** Using Compiler 'V5.06 update 4 (build 422)', folder: 'E:\software\keil_v5\ARM\ARMCC\Bin'
Rebuild target 'gpio_output_Release'
assembling startup_hc32f46x.s...
compiling hc32f46x_icg.c...
compiling system_hc32f46x.c...
compiling main.c...
compiling hc32f46x_utility.c...
compiling hc32f46x_gpio.c...
linking...
Program Size: Code=1824 RO-data=704 RW-data=8 ZI-data=1024  
".\output\release\gpio_output.axf" - 0 Error(s), 0 Warning(s).

<h2>Software Packages used:</h2>

Package Vendor: ARM
                http://www.keil.com/pack/ARM.CMSIS.5.5.1.pack
                ARM::CMSIS:CORE:5.2.0
                CMSIS (Cortex Microcontroller Software Interface Standard)
   * Component: CORE Version: 5.2.0

<h2>Collection of Component include folders:</h2>
  F:\HDSC\hc32f460-master\hc32f460-master\hc32f460_sdk\demo\hc32f46x_ddl\example\gpio\gpio_output\MDK\RTE\_gpio_output_Release
  E:\software\keil_v5\ARM\PACK\ARM\CMSIS\5.5.1\CMSIS\Core\Include
  E:\software\keil_v5\ARM\PACK\HDSC\HC32F46x\1.0.1\Device\Include

<h2>Collection of Component Files used:</h2>

   * Component: ARM::CMSIS:CORE:5.2.0
Build Time Elapsed:  00:00:27
</pre>
</body>
</html>
